// Jest Snapshot v1, https://goo.gl/fbAQLP

exports[`Gets the correct output 𝑦′′ + 5𝑦′ + 6𝑦 = 2𝑥 + 1 1`] = `"x / 3 - 0.11111111111111072"`;
